#1 [internal] load local bake definitions
#1 reading from stdin 528B done
#1 DONE 0.0s

#2 [internal] load build definition from Dockerfile
#2 transferring dockerfile: 967B done
#2 DONE 0.0s

#3 [internal] load metadata for docker.io/library/node:24.18.0-bookworm-slim@sha256:6f7b03f7c2c8e2e784dcf9295400527b9b1270fd37b7e9a7285cf83b6951452d
#3 DONE 0.0s

#4 [internal] load metadata for docker.io/library/python:3.13.7-slim-bookworm@sha256:adafcc17694d715c905b4c7bebd96907a1fd5cf183395f0ebc4d3428bd22d92d
#4 DONE 0.0s

#5 [internal] load .dockerignore
#5 transferring context: 213B done
#5 DONE 0.0s

#6 [stage-1 1/9] FROM docker.io/library/python:3.13.7-slim-bookworm@sha256:adafcc17694d715c905b4c7bebd96907a1fd5cf183395f0ebc4d3428bd22d92d
#6 resolve docker.io/library/python:3.13.7-slim-bookworm@sha256:adafcc17694d715c905b4c7bebd96907a1fd5cf183395f0ebc4d3428bd22d92d done
#6 DONE 0.0s

#7 [web 1/8] FROM docker.io/library/node:24.18.0-bookworm-slim@sha256:6f7b03f7c2c8e2e784dcf9295400527b9b1270fd37b7e9a7285cf83b6951452d
#7 resolve docker.io/library/node:24.18.0-bookworm-slim@sha256:6f7b03f7c2c8e2e784dcf9295400527b9b1270fd37b7e9a7285cf83b6951452d done
#7 DONE 0.0s

#8 [internal] load build context
#8 transferring context: 1.23MB 0.0s done
#8 DONE 0.0s

#9 [stage-1 5/9] COPY services services
#9 CACHED

#10 [stage-1 3/9] COPY requirements.lock ./
#10 CACHED

#11 [stage-1 4/9] RUN pip install --no-cache-dir -r requirements.lock && useradd --uid 10001 --create-home aha && mkdir /data && chown aha:aha /data
#11 CACHED

#12 [stage-1 2/9] WORKDIR /app
#12 CACHED

#13 [stage-1 6/9] COPY packages packages
#13 CACHED

#14 [web 4/8] COPY apps/web/package.json apps/web/package.json
#14 CACHED

#15 [web 3/8] COPY package.json package-lock.json ./
#15 CACHED

#16 [web 2/8] WORKDIR /build
#16 CACHED

#17 [web 5/8] RUN npm ci --ignore-scripts
#17 CACHED

#18 [web 6/8] COPY apps/web apps/web
#18 DONE 0.0s

#19 [stage-1 7/9] COPY scripts scripts
#19 DONE 0.0s

#20 [web 7/8] COPY packages/contracts packages/contracts
#20 DONE 0.0s

#21 [web 8/8] RUN npm run build
#21 0.131 
#21 0.131 > corgiverse-aha@0.1.0 build
#21 0.131 > npm run build -w apps/web
#21 0.131 
#21 0.177 
#21 0.177 > @aha/web@0.1.0 build
#21 0.177 > tsc --noEmit && vite build
#21 0.177 
#21 0.345 vite v8.3.0 building client environment for production...
#21 0.352 transforming...
#21 0.385 ✓ 18 modules transformed.
#21 0.404 rendering chunks...
#21 0.422 computing gzip size...
#21 0.425 dist/index.html                   0.53 kB │ gzip:  0.33 kB
#21 0.425 dist/assets/index-DXo7bszA.css   10.19 kB │ gzip:  3.00 kB
#21 0.425 dist/assets/index-CWnhtbXk.js   242.93 kB │ gzip: 75.78 kB
#21 0.425 
#21 0.425 ✓ built in 80ms
#21 DONE 0.4s

#22 [stage-1 8/9] COPY --from=web /build/apps/web/dist apps/web/dist
#22 DONE 0.0s

#23 [stage-1 9/9] RUN chmod -R a+rX /app/apps/web/dist
#23 DONE 0.1s

#24 exporting to image
#24 exporting layers 0.0s done
#24 exporting manifest sha256:f2358e8787a6b3ddf7219fac80f5c2e3c18cb5711c173f39125914a80bcf784d done
#24 exporting config sha256:2396c667da40417261c5b47585b76b26392df2507d0de7ef240fb2580943c1e0 done
#24 exporting attestation manifest sha256:f3546bc159b2da56b1d59eece9b2f946f9a55edbfef3b88f7c4dc4b87308cf23 done
#24 exporting manifest list sha256:a79446a80418cc9292c332a66d59786d925f6bd8f6208a7f0b27043f8396b697 done
#24 naming to docker.io/library/corgiverse-aha:development done
#24 unpacking to docker.io/library/corgiverse-aha:development 0.0s done
#24 DONE 0.1s

#25 resolving provenance for metadata file
#25 DONE 0.0s
 corgiverse-aha:development  Built
