.venv/bin/python scripts/manage.py verify
PASS: 620 contract assertions; 89 definitions; 41 API operations; 32 synthetic records; 57 acceptance gates.
This validates the specification artifacts only. Application acceptance remains NOT_RUN.
All done! ✨ 🍰 ✨
22 files would be left unchanged.

> corgiverse-aha@0.1.0 typecheck
> npm run typecheck -w apps/web


> @aha/web@0.1.0 typecheck
> tsc --noEmit

============================= test session starts ==============================
platform darwin -- Python 3.13.7, pytest-9.1.1, pluggy-1.6.0
rootdir: /Users/home/Desktop/AHA
configfile: pyproject.toml
testpaths: tests
plugins: typeguard-4.6.0, anyio-4.15.1
collected 35 items

tests/contract/test_contracts.py ...                                     [  8%]
tests/integration/test_integrity.py .........................            [ 80%]
tests/security/test_http.py .                                            [ 82%]
tests/unit/test_semantics.py ......                                      [100%]

=============================== warnings summary ===============================
.venv/lib/python3.13/site-packages/fastapi/testclient.py:1
  /Users/home/Desktop/AHA/.venv/lib/python3.13/site-packages/fastapi/testclient.py:1: StarletteDeprecationWarning: Using `httpx` with `starlette.testclient` is deprecated; install `httpx2` instead.
    from starlette.testclient import TestClient as TestClient  # noqa

.venv/lib/python3.13/site-packages/starlette/testclient.py:53
  /Users/home/Desktop/AHA/.venv/lib/python3.13/site-packages/starlette/testclient.py:53: DeprecationWarning: The anyio.abc.BlockingPortal alias is deprecated, use anyio.from_thread.BlockingPortal instead.
    _PortalFactoryType = Callable[[], AbstractContextManager[anyio.abc.BlockingPortal]]

-- Docs: https://docs.pytest.org/en/stable/how-to/capture-warnings.html
- generated xml file: /Users/home/Desktop/AHA/artifacts/application-tests.xml --
======================== 35 passed, 2 warnings in 1.40s ========================

> corgiverse-aha@0.1.0 build
> npm run build -w apps/web


> @aha/web@0.1.0 build
> tsc --noEmit && vite build

vite v8.3.0 building client environment for production...
transforming...
✓ 18 modules transformed.
rendering chunks...
computing gzip size...
dist/index.html                   0.42 kB │ gzip:  0.30 kB
dist/assets/index-GrWpxckU.css    9.77 kB │ gzip:  2.90 kB
dist/assets/index-DwBbpC50.js   242.76 kB │ gzip: 75.70 kB

✓ built in 104ms
[WebServer] INFO:     Started server process [69820]
[WebServer] INFO:     Waiting for application startup.
[WebServer] INFO:     Application startup complete.
[WebServer] INFO:     Uvicorn running on http://127.0.0.1:8081 (Press CTRL+C to quit)

Running 1 test using 1 worker

(node:69821) Warning: The 'NO_COLOR' env is ignored due to the 'FORCE_COLOR' env being set.
(Use `node --trace-warnings ...` to show where the warning was created)
  ✓  1 tests/e2e/workflow.spec.ts:4:1 › synthetic source review, note review, history, integrity and backup (2.1s)

  1 passed (3.0s)
